<html>
<body>
<pre>
<h1>µVision Build Log</h1>
<h2>Project:</h2>
C:\Users\Robert\Desktop\ECE 473\Edge-trigInterrupt\edgeTrigIntr.uvproj
Project File Date:  03/11/2016

<h2>Output:</h2>
Build target 'edgeTrigIntr'
compiling edgeTrigIntr.c...
edgeTrigIntr.c(111): warning:  #550-D: variable "fallingedges" was set but never used
        uint32_t fallingedges;
edgeTrigIntr.c: 1 warning, 0 errors
linking...
Program Size: Code=1204 RO-data=32 RW-data=4 ZI-data=1028  
".\edgeTrigIntr.axf" - 0 Error(s), 1 Warning(s).
Load "C:\\Users\\Robert\\Desktop\\ECE 473\\Edge-trigInterrupt\\edgeTrigIntr.axf" 
Connecting: Mode=JTAG, Speed=1000000Hz
Full Chip Erase Done.
Erase Done.
Programming Done.
Verify OK.
\\Users\\Robert\\Desktop\\ECE 473\\Edge-trigInterrupt\\edgeTrigIntr.axf" 
Connecting: Mode=JTAG, Speed=1000000Hz
Full Chip Erase Done.
Erase Done.
Programming Done.
Verify OK.

erify OK.
