<html>
<body>
<pre>
<h1>µVision Build Log</h1>
<h2>Project:</h2>
C:\Users\Robert\Desktop\ECE 473\Edge-trigInterrupt\edgeTrigIntr.uvproj
Project File Date:  03/25/2016

<h2>Output:</h2>
Build target 'edgeTrigIntr'
compiling edgeTrigIntr.c...
edgeTrigIntr.c(76): warning:  #550-D: variable "fallingedges" was set but never used
  void gpioInit(){ uint32_t fallingedges;
edgeTrigIntr.c: 1 warning, 0 errors
linking...
Program Size: Code=1208 RO-data=16 RW-data=0 ZI-data=1024  
".\edgeTrigIntr.axf" - 0 Error(s), 1 Warning(s).
Load "C:\\Users\\Robert\\Desktop\\ECE 473\\Edge-trigInterrupt\\edgeTrigIntr.axf" 
Connecting: Mode=JTAG, Speed=1000000Hz
Full Chip Erase Done.
Erase Done.
Programming Done.
Verify OK.
Load "C:\\Users\\Robert\\Desktop\\ECE 473\\Edge-trigInterrupt\\edgeTrigIntr.axf" 
Connecting: Mode=JTAG, Speed=1000000Hz
Full Chip Erase Done.
Erase Done.
Programming Done.
Verify OK.
Error: Flash Download failed  -  Target DLL has been cancelled
Load "C:\\Users\\Robert\\Desktop\\ECE 473\\Edge-trigInterrupt\\edgeTrigIntr.axf" 
Connecting: Mode=JTAG, Speed=1000000Hz
Full Chip Erase Done.
Erase Done.
Programming Done.
Verify OK.
